<?xml version="1.0" encoding="UTF-8"?><mappingRoot xmlns="http://www.ibm.com/2008/ccl/Mapping" domainID="com.ibm.msl.mapping.xml" domainIDExtension="mb" mainMap="true" targetNamespace="default" version="8.0.5.0" xmlns:map="default">
    <input path="/IRIS.xsd"/>
    <output path="/transactionResponse.xsd"/>
    <namespaces>
        <namespace kind="supplement" prefix="out" uri="http://schemas.xmlsoap.org/soap/envelope/"/>
        <namespace kind="supplement" prefix="out2" uri="http://service.bni.co.id/core"/>
    </namespaces>
    <generation engine="xquery"/>
    <mappingDeclaration name="XMLTransfer_Request_back_to_client">
        <input path="mb:msg(IRIS,assembly,XMLNSC,Properties)" var="ComIbmMessageAssembly_IRIS"/>
        <output namespace="http://service.bni.co.id/core" path="mb:msg(transactionResponse,assembly,XMLNSC,Properties)" var="MessageAssembly1"/>
        <task type="todo"/>
        <task type="todo"/>
        <assign value="900014">
            <output path="$MessageAssembly1/transactionResponse/response/header/coreJournal"/>
        </assign>
        <assign value="90614655079061465507">
            <output path="$MessageAssembly1/transactionResponse/response/content/message"/>
        </assign>
        <move>
            <input path="$ComIbmMessageAssembly_IRIS/IRIS/SP_Intercept"/>
            <output path="$MessageAssembly1/transactionResponse/response/content/SP_Intercept"/>
        </move>
        <move>
            <input path="$ComIbmMessageAssembly_IRIS/IRIS/SP_Block"/>
            <output path="$MessageAssembly1/transactionResponse/response/content/SP_Block"/>
        </move>
        <move>
            <input path="$ComIbmMessageAssembly_IRIS/IRIS/Timestamp"/>
            <output path="$MessageAssembly1/transactionResponse/response/content/Timestamp"/>
        </move>
        <move>
            <input path="$ComIbmMessageAssembly_IRIS/IRIS/reffNum"/>
            <output path="$MessageAssembly1/transactionResponse/response/content/reffNum"/>
        </move>
        <move>
            <input path="$ComIbmMessageAssembly_IRIS/IRIS/AccountNum"/>
            <output path="$MessageAssembly1/transactionResponse/response/content/FromAccount"/>
        </move>
    </mappingDeclaration>
</mappingRoot>