<?xml version="1.0" encoding="UTF-8"?><mappingRoot xmlns="http://www.ibm.com/2008/ccl/Mapping" domainID="com.ibm.msl.mapping.xml" domainIDExtension="mb" mainMap="true" targetNamespace="default" version="8.0.5.0" xmlns:map="default">
    <inlinedXMLSchema><![CDATA[<?xml version="1.0" encoding="UTF-8"?><xsd:schema xmlns:xsd="http://www.w3.org/2001/XMLSchema">
    <xsd:element name="MESSAGE_ID" type="xsd:string"/>
</xsd:schema>]]></inlinedXMLSchema>
    <input path="jar:file://!com/ibm/etools/mft/map/xsds/assembly/Environment.xsd" var="var"/>
    <input path="/xml-transfer.xsd" var="var1"/>
    <input inlinedXMLSchema="true" path="../schema_0.xsd" var="var4"/>
    <input inlinedXMLSchema="true" path="../schema_0.xsd" var="var5"/>
    <output path="jar:file://!com/ibm/etools/mft/map/xsds/assembly/Environment.xsd" var="var2"/>
    <output path="/IRIS.xsd" var="var3"/>
    <namespaces>
        <namespace kind="supplement" prefix="in" uri="http://schemas.xmlsoap.org/soap/envelope/"/>
    </namespaces>
    <generation engine="xquery"/>
    <mappingDeclaration name="XMLTransfer_JMtoSP_Mapping">
        <input path="$var/mb:env(Environment)" var="Environment">
            <cast castType="userDefined" path="$Environment/Variables/any" qualifier="MESSAGE_ID" ref="var4" var="any"/>
        </input>
        <input namespace="http://schemas.xmlsoap.org/soap/envelope/" path="$var1/mb:msg(Envelope,assembly,XMLNSC,Properties)" var="MessageAssembly"/>
        <output path="$var2/mb:env(Environment)" var="Environment1">
            <cast castType="userDefined" path="$Environment1/Variables/any" qualifier="MESSAGE_ID" ref="var4" var="any1"/>
        </output>
        <output path="$var3/mb:msg(IRIS,assembly,XMLNSC,Properties)" var="MessageAssembly1"/>
        <passthrough>
            <input path="$Environment/."/>
            <output path="$Environment1/."/>
            <updates/>
        </passthrough>
        <move>
            <input path="$MessageAssembly/Envelope/Body/request/content/Timestamp"/>
            <output path="$MessageAssembly1/IRIS/Timestamp"/>
        </move>
        <move>
            <input path="$MessageAssembly/Envelope/Body/request/content/FromAccount"/>
            <output path="$MessageAssembly1/IRIS/FromAccount"/>
        </move>
        <move>
            <input path="$MessageAssembly/Envelope/Body/request/content/ToAccount"/>
            <output path="$MessageAssembly1/IRIS/ToAccount"/>
        </move>
        <move>
            <input path="$MessageAssembly/Envelope/Body/request/content/Amount"/>
            <output path="$MessageAssembly1/IRIS/Amount"/>
        </move>
        <move>
            <input path="$MessageAssembly/Envelope/Body/request/content/TransactionType"/>
            <output path="$MessageAssembly1/IRIS/TransactionType"/>
        </move>
        <move>
            <input path="$MessageAssembly/Envelope/Body/request/content/SPRequirement"/>
            <output path="$MessageAssembly1/IRIS/SPRequirement"/>
        </move>
        <move>
            <input path="$MessageAssembly/Envelope/Body/request/content/MTID"/>
            <output path="$MessageAssembly1/IRIS/MTID"/>
        </move>
        <task type="todo"/>
        <move>
            <input path="$MessageAssembly/Envelope/Body/request/content/MTID"/>
            <output path="$MessageAssembly1/IRIS/@MessageTypeId"/>
        </move>
        <assign value="1">
            <output path="$MessageAssembly1/IRIS/@Version"/>
        </assign>
        <assign value="ModelRequest">
            <output path="$MessageAssembly1/IRIS/@Message"/>
        </assign>
        <move>
            <input path="$MessageAssembly/Envelope/Body/request/content/reffNum"/>
            <output path="$MessageAssembly1/IRIS/reffNum"/>
        </move>
        <move>
            <input path="$Environment/Variables/MESSAGE_ID"/>
            <output path="$MessageAssembly1/IRIS/@MessageId"/>
        </move>
    </mappingDeclaration>
</mappingRoot>