<?xml version="1.0" encoding="UTF-8"?><mappingRoot xmlns="http://www.ibm.com/2008/ccl/Mapping" domainID="com.ibm.msl.mapping.xml" domainIDExtension="mb" mainMap="true" targetNamespace="default" version="8.0.5.0" xmlns:map="default">
    <input path="jar:file://!com/ibm/etools/mft/map/xsds/assembly/Environment.xsd" var="var"/>
    <input path="mbsharedlib://ISO8583/1987/ISO8583_1987.xsd" var="var1"/>
    <output path="jar:file://!com/ibm/etools/mft/map/xsds/assembly/Environment.xsd" var="var2"/>
    <output path="/IRIS.xsd" var="var3"/>
    <namespaces>
        <namespace kind="supplement" prefix="out" uri="http://com.ibm.poc.TO.saferpayment"/>
    </namespaces>
    <generation engine="xquery"/>
    <mappingDeclaration name="iso2xml_packedISO_2_xml_iris">
        <input path="$var/mb:env(Environment)" var="Environment"/>
        <input path="$var1/mb:msg(ISO8583_1987,assembly,DFDL,Properties)" var="ComIbmMessageAssembly_ISO8583_1987"/>
        <output path="$var2/mb:env(Environment)" var="Environment1"/>
        <output path="$var3/mb:msg(IRIS,assembly,XMLNSC,Properties)" var="MessageAssembly"/>
        <passthrough>
            <input path="$Environment/."/>
            <output path="$Environment1/."/>
            <updates/>
        </passthrough>
        <move>
            <input path="$ComIbmMessageAssembly_ISO8583_1987/Properties"/>
            <output path="$MessageAssembly/Properties"/>
        </move>
        <expression>
            <input path="$ComIbmMessageAssembly_ISO8583_1987/ISO8583_1987/TransmissionDatetime_007" var="TransmissionDatetime_007"/>
            <output path="$MessageAssembly/IRIS/TIMESTAMP"/>
            <code lang="xpath">fn:concat(
	fn:substring($TransmissionDatetime_007,1,2), 
	".",
	fn:substring($TransmissionDatetime_007,3,2),
	".",
	fn:substring($DateCapture_017,1,4),
	":",
	fn:substring($TransmissionDatetime_007,5,2),
	":",
	fn:substring($TransmissionDatetime_007,7,2),
	":",
	fn:substring($TransmissionDatetime_007,9,2)
)</code>
        </expression>
        <move>
            <input path="$ComIbmMessageAssembly_ISO8583_1987/ISO8583_1987/AmountTransaction_004"/>
            <output path="$MessageAssembly/IRIS/AMOUNT"/>
        </move>
        <move>
            <input path="$ComIbmMessageAssembly_ISO8583_1987/ISO8583_1987/CardAcceptorIdentificationCode_042"/>
            <output path="$MessageAssembly/IRIS/MERCHANT_NUMBER"/>
        </move>
        <move>
            <input path="$ComIbmMessageAssembly_ISO8583_1987/ISO8583_1987/MerchantType_018"/>
            <output path="$MessageAssembly/IRIS/MERCHANT_CATEGORY_CODE"/>
        </move>
        <move>
            <input path="$ComIbmMessageAssembly_ISO8583_1987/ISO8583_1987/Payee_098"/>
            <output path="$MessageAssembly/IRIS/MERCHANT_NAME"/>
        </move>
        <move>
            <input path="$ComIbmMessageAssembly_ISO8583_1987/ISO8583_1987/CardAcceptorNameLocation_043"/>
            <output path="$MessageAssembly/IRIS/MERCHANT_CITY"/>
        </move>
        <move>
            <input path="$ComIbmMessageAssembly_ISO8583_1987/ISO8583_1987/CurrencyCodeSettlement_050"/>
            <output path="$MessageAssembly/IRIS/MERCHANT_COUNTRY"/>
        </move>
        <convert>
            <input path="$ComIbmMessageAssembly_ISO8583_1987/ISO8583_1987/MessageSecurityCode_096"/>
            <output path="$MessageAssembly/IRIS/BANKING_TYPE"/>
        </convert>
        <move>
            <input path="$ComIbmMessageAssembly_ISO8583_1987/ISO8583_1987/NetworkInternationalIdentifier_024"/>
            <output path="$MessageAssembly/IRIS/@MessageTypeId"/>
        </move>
        <assign value="1">
            <output path="$MessageAssembly/IRIS/@Version"/>
        </assign>
        <assign value="ModelRequest">
            <output path="$MessageAssembly/IRIS/@Message"/>
        </assign>
        <move>
            <input path="$ComIbmMessageAssembly_ISO8583_1987/ISO8583_1987/PrimaryAccountNumber_002"/>
            <output path="$MessageAssembly/IRIS/CREDIT_CARD_NO"/>
        </move>
        <move>
            <input path="$ComIbmMessageAssembly_ISO8583_1987/ISO8583_1987/PointOfServiceCaptureCode_026"/>
            <output path="$MessageAssembly/IRIS/SP_REQUIREMENT"/>
        </move>
        <move>
            <input path="$ComIbmMessageAssembly_ISO8583_1987/ISO8583_1987/SecurityRelatedControlInformation_053"/>
            <output path="$MessageAssembly/IRIS/POSEntryMode"/>
        </move>
        <move>
            <input path="$ComIbmMessageAssembly_ISO8583_1987/ISO8583_1987/MessageNumber_071"/>
            <output path="$MessageAssembly/IRIS/MTID"/>
        </move>
        <move>
            <input path="$ComIbmMessageAssembly_ISO8583_1987/ISO8583_1987/AmountSettlement_005"/>
            <output path="$MessageAssembly/IRIS/CARD_LIMIT"/>
        </move>
        <move>
            <input path="$ComIbmMessageAssembly_ISO8583_1987/ISO8583_1987/PointOfServiceConditionCode_025"/>
            <output path="$MessageAssembly/IRIS/ECI"/>
        </move>
    </mappingDeclaration>
</mappingRoot>