<?xml version="1.0" encoding="UTF-8"?><mappingRoot xmlns="http://www.ibm.com/2008/ccl/Mapping" domainID="com.ibm.msl.mapping.xml" domainIDExtension="mb" mainMap="true" targetNamespace="default" version="8.0.5.0" xmlns:map="default">
    <input path="/IRIS.xsd"/>
    <output path="mbsharedlib://ISO8583/1987/ISO8583_1987.xsd" var="var"/>
    <generation engine="xquery"/>
    <mappingDeclaration name="xmltoiso_packed">
        <input path="mb:msg(IRIS,assembly,XMLNSC,Properties)" var="MessageAssembly"/>
        <output path="$var/mb:msg(ISO8583_1987,assembly,XMLNSC,Properties)" var="MessageAssembly1"/>
        <move>
            <input path="$MessageAssembly/Properties"/>
            <output path="$MessageAssembly1/Properties"/>
            <override>
                <assign value="{ISO8583}">
                    <output path="$MessageAssembly1/Properties/MessageSet"/>
                </assign>
                <assign value="{}:ISO8583_1987">
                    <output path="$MessageAssembly1/Properties/MessageType"/>
                </assign>
            </override>
        </move>
        <assign value="0">
            <output path="$MessageAssembly1/ISO8583_1987/MTI_Version"/>
        </assign>
        <assign value="1">
            <output path="$MessageAssembly1/ISO8583_1987/MTI_MessageClass"/>
        </assign>
        <assign value="0">
            <output path="$MessageAssembly1/ISO8583_1987/MTI_MessageFunction"/>
        </assign>
        <assign value="0">
            <output path="$MessageAssembly1/ISO8583_1987/MTI_MessageOrigin"/>
        </assign>
        <move>
            <input path="$MessageAssembly/IRIS/Date_and_time_transmission"/>
            <output path="$MessageAssembly1/ISO8583_1987/TransmissionDatetime_007"/>
        </move>
        <move>
            <input path="$MessageAssembly/IRIS/Amount_transaction"/>
            <output path="$MessageAssembly1/ISO8583_1987/AmountTransaction_004"/>
        </move>
        <move>
            <input path="$MessageAssembly/IRIS/Primary_account_number"/>
            <output path="$MessageAssembly1/ISO8583_1987/PrimaryAccountNumber_002"/>
        </move>
        <move>
            <input path="$MessageAssembly/IRIS/File_update_code"/>
            <output path="$MessageAssembly1/ISO8583_1987/FileUpdateCode_091"/>
        </move>
        <move>
            <input path="$MessageAssembly/IRIS/Service_indicator"/>
            <output path="$MessageAssembly1/ISO8583_1987/ServiceIndicator_094"/>
        </move>
        <move>
            <input path="$MessageAssembly/IRIS/Card_acceptor_identification_code"/>
            <output path="$MessageAssembly1/ISO8583_1987/CardAcceptorIdentificationCode_042"/>
        </move>
        <move>
            <input path="$MessageAssembly/IRIS/Merchant_Type"/>
            <output path="$MessageAssembly1/ISO8583_1987/MerchantType_018"/>
        </move>
        <move>
            <input path="$MessageAssembly/IRIS/Payee"/>
            <output path="$MessageAssembly1/ISO8583_1987/Payee_098"/>
        </move>
        <move>
            <input path="$MessageAssembly/IRIS/Card_acceptor_name"/>
            <output path="$MessageAssembly1/ISO8583_1987/CardAcceptorNameLocation_043"/>
        </move>
        <move>
            <input path="$MessageAssembly/IRIS/Currency_code_settlement"/>
            <output path="$MessageAssembly1/ISO8583_1987/CurrencyCodeSettlement_050"/>
        </move>
        <move>
            <input path="$MessageAssembly/IRIS/Security_related_control_information"/>
            <output path="$MessageAssembly1/ISO8583_1987/SecurityRelatedControlInformation_053"/>
        </move>
        <move>
            <input path="$MessageAssembly/IRIS/Card_acceptor_terminal_identification"/>
            <output path="$MessageAssembly1/ISO8583_1987/CardAcceptorTerminalIdentification_041"/>
        </move>
        <move>
            <input path="$MessageAssembly/IRIS/Message_security_code"/>
            <output path="$MessageAssembly1/ISO8583_1987/MessageSecurityCode_096"/>
        </move>
        <move>
            <input path="$MessageAssembly/IRIS/Retrieval_reference_number"/>
            <output path="$MessageAssembly1/ISO8583_1987/RetrievalReferenceNumber_037"/>
        </move>
        <move>
            <input path="$MessageAssembly/IRIS/Function_code"/>
            <output path="$MessageAssembly1/ISO8583_1987/NetworkInternationalIdentifier_024"/>
        </move>
    </mappingDeclaration>
</mappingRoot>