<?xml version="1.0" encoding="UTF-8"?><mappingRoot xmlns="http://www.ibm.com/2008/ccl/Mapping" domainID="com.ibm.msl.mapping.xml" domainIDExtension="mb" mainMap="true" targetNamespace="default" version="8.0.5.0" xmlns:map="default">
    <input path="/IRIS.xsd"/>
    <output path="mbsharedlib://ISO8583/1987/ISO8583_1987.xsd" var="var"/>
    <generation engine="xquery"/>
    <mappingDeclaration name="xmltoiso_packed">
        <input path="mb:msg(IRIS2ISO,assembly,XMLNSC,Properties)" var="MessageAssembly"/>
        <output path="$var/mb:msg(ISO8583_1987,assembly,XMLNSC,Properties)" var="MessageAssembly2"/>
        <move>
            <input path="$MessageAssembly/Properties"/>
            <output path="$MessageAssembly2/Properties"/>
            <override>
                <assign value="{ISO8583}">
                    <output path="$MessageAssembly2/Properties/MessageSet"/>
                </assign>
                <assign value="{}:ISO8583_1987">
                    <output path="$MessageAssembly2/Properties/MessageType"/>
                </assign>
            </override>
        </move>
        <function automap="true" ref="concat">
            <input path="$MessageAssembly/IRIS2ISO/Amount_transaction" var="Amount_transaction"/>
            <input path="$MessageAssembly/Properties/Transactional" var="Transactional"/>
            <output path="$MessageAssembly2/ISO8583_1987/TimeLocalTransaction_012"/>
        </function>
        <function automap="true" ref="concat">
            <input path="$MessageAssembly/IRIS2ISO/Amount_transaction" var="Amount_transaction1"/>
            <input path="$MessageAssembly/Properties/Transactional" var="Transactional1"/>
            <output path="$MessageAssembly2/ISO8583_1987/DateLocalTransaction_013"/>
        </function>
        <function automap="true" ref="concat">
            <input path="$MessageAssembly/IRIS2ISO/Amount_transaction" var="Amount_transaction2"/>
            <input path="$MessageAssembly/Properties/Transactional" var="Transactional2"/>
            <output path="$MessageAssembly2/ISO8583_1987/AmountTransaction_004"/>
        </function>
        <move automap="true">
            <input path="$MessageAssembly/Properties/ExpirationTime"/>
            <output path="$MessageAssembly2/ISO8583_1987/DateExpiration_014"/>
        </move>
        <move automap="true">
            <input path="$MessageAssembly/IRIS2ISO/@Message"/>
            <output path="$MessageAssembly2/ISO8583_1987/MTI_MessageClass"/>
        </move>
        <move automap="true">
            <input path="$MessageAssembly/IRIS2ISO/@Version"/>
            <output path="$MessageAssembly2/ISO8583_1987/MTI_Version"/>
        </move>
        <move automap="true">
            <input path="$MessageAssembly/IRIS2ISO/Primary_account_number"/>
            <output path="$MessageAssembly2/ISO8583_1987/PrimaryAccountNumber_002"/>
        </move>
        <move automap="true">
            <input path="$MessageAssembly/IRIS2ISO/Point_of_service_capture_code"/>
            <output path="$MessageAssembly2/ISO8583_1987/PointOfServiceCaptureCode_026"/>
        </move>
        <move automap="true">
            <input path="$MessageAssembly/IRIS2ISO/Card_acceptor_identification_code"/>
            <output path="$MessageAssembly2/ISO8583_1987/CardAcceptorIdentificationCode_042"/>
        </move>
        <move automap="true">
            <input path="$MessageAssembly/IRIS2ISO/Message_security_code"/>
            <output path="$MessageAssembly2/ISO8583_1987/MessageSecurityCode_096"/>
        </move>
        <move automap="true">
            <input path="$MessageAssembly/IRIS2ISO/Message_number"/>
            <output path="$MessageAssembly2/ISO8583_1987/MessageNumber_071"/>
        </move>
        <move automap="true">
            <input path="$MessageAssembly/IRIS2ISO/Merchant_Type"/>
            <output path="$MessageAssembly2/ISO8583_1987/MerchantType_018"/>
        </move>
        <move automap="true">
            <input path="$MessageAssembly/IRIS2ISO/Date_and_time_transmission"/>
            <output path="$MessageAssembly2/ISO8583_1987/TransmissionDatetime_007"/>
        </move>
        <move automap="true">
            <input path="$MessageAssembly/IRIS2ISO/Point_of_service_condition_code"/>
            <output path="$MessageAssembly2/ISO8583_1987/PointOfServiceConditionCode_025"/>
        </move>
        <move automap="true">
            <input path="$MessageAssembly/IRIS2ISO/Card_acceptor_name"/>
            <output path="$MessageAssembly2/ISO8583_1987/CardAcceptorNameLocation_043"/>
        </move>
        <move automap="true">
            <input path="$MessageAssembly/IRIS2ISO/Capture_date"/>
            <output path="$MessageAssembly2/ISO8583_1987/DateCapture_017"/>
        </move>
        <move automap="true">
            <input path="$MessageAssembly/IRIS2ISO/Currency_code_settlement"/>
            <output path="$MessageAssembly2/ISO8583_1987/CurrencyCodeSettlement_050"/>
        </move>
        <move automap="true">
            <input path="$MessageAssembly/IRIS2ISO/Security_related_control_information"/>
            <output path="$MessageAssembly2/ISO8583_1987/SecurityRelatedControlInformation_053"/>
        </move>
        <move automap="true">
            <input path="$MessageAssembly/IRIS2ISO/Payee"/>
            <output path="$MessageAssembly2/ISO8583_1987/Payee_098"/>
        </move>
        <move automap="true">
            <input path="$MessageAssembly/IRIS2ISO/Amount_settlement"/>
            <output path="$MessageAssembly2/ISO8583_1987/AmountSettlement_005"/>
        </move>
    </mappingDeclaration>
</mappingRoot>